
> my-v0-project@0.1.0 build
> next build

Γû▓ Next.js 16.2.2 (Turbopack)
- Environments: .env.local

  Creating an optimized production build ...
node.exe : 
At line:1 char:1
+ & "C:\Program Files\nodejs/node.exe" "C:\Program Files\nodejs/node_mo ...
+ ~~~~~~~~~~~~~~~~~~~~~~~~~~~~~~~~~~~~~~~~~~~~~~~~~~~~~~~~~~~~~~~~~~~~~
    + CategoryInfo          : NotSpecified: (:String) [], RemoteException
    + FullyQualifiedErrorId : NativeCommandError
 
> Build error occurred
Error: Turbopack build failed with 1 errors:
./app/subscriptions/checkout/page.tsx:508:20
Expected '</', got 'jsx text'
  [90m506 |[0m           </motion.div>
  [90m507 |[0m         </div>
[31m[1m>[0m [90m508 |[0m       </motion.div>
  [90m    |[0m                    [31m[1m^^^^^^^^^^^^^^^^^^^^^^^^^^^^^^^^^^
^^^^^^^^^^^^^^^^^^^^^^^^^^^^^^^^^^^^^^^[0m
[31m[1m>[0m [90m509 |[0m
  [90m    |[0m [31m[1m^[0m
[31m[1m>[0m [90m510 |[0m     </div>
  [90m    |[0m [31m[1m^^^^[0m
  [90m511 |[0m   )
  [90m512 |[0m }
  [90m513 |[0m

Parsing ecmascript source code failed


    at <unknown> (./app/subscriptions/checkout/page.tsx:508:20)
